// Jest Snapshot v1, https://goo.gl/fbAQLP

exports[`Countries component matches snapshot 1`] = `
Object {
  "asFragment": [Function],
  "baseElement": <body
    class="chakra-ui-light"
  >
    <div>
      <div
        class="css-1f8h9z4"
      >
        <div
          class="css-19ybp5c"
        >
          <div
            class="chakra-stack css-1hcswde"
            data-testid="countryCard"
          >
            <div
              class="css-wm8dfs"
            >
              <img
                class="chakra-image css-z2bnja"
                src="url"
              />
            </div>
            <div
              class="css-w9il2w"
            >
              <h2
                class="chakra-heading css-sawm00"
              >
                Poland
              </h2>
              <div
                class="css-0"
              >
                <div
                  class="css-0"
                >
                  <p
                    class="chakra-text css-hzw7ps"
                  >
                    Population:
                  </p>
                  40 000 000
                </div>
                <div
                  class="css-0"
                >
                  <p
                    class="chakra-text css-hzw7ps"
                  >
                    Region:
                  </p>
                  Europe
                </div>
                <div
                  class="css-0"
                >
                  <p
                    class="chakra-text css-hzw7ps"
                  >
                    Capital:
                  </p>
                  Warsaw
                </div>
              </div>
            </div>
            <a
              class="chakra-link css-36y4gk"
              href="/country/poland"
            >
              Details
            </a>
          </div>
        </div>
      </div>
      <span
        hidden=""
        id="__chakra_env"
      />
    </div>
    <div
      class="chakra-portal"
    >
      <ul
        aria-live="polite"
        id="chakra-toast-manager-top"
        role="region"
        style="position: fixed; z-index: 5500; pointer-events: none; display: flex; flex-direction: column; margin: 0px auto;"
      />
      <ul
        aria-live="polite"
        id="chakra-toast-manager-top-left"
        role="region"
        style="position: fixed; z-index: 5500; pointer-events: none; display: flex; flex-direction: column;"
      />
      <ul
        aria-live="polite"
        id="chakra-toast-manager-top-right"
        role="region"
        style="position: fixed; z-index: 5500; pointer-events: none; display: flex; flex-direction: column;"
      />
      <ul
        aria-live="polite"
        id="chakra-toast-manager-bottom-left"
        role="region"
        style="position: fixed; z-index: 5500; pointer-events: none; display: flex; flex-direction: column;"
      />
      <ul
        aria-live="polite"
        id="chakra-toast-manager-bottom"
        role="region"
        style="position: fixed; z-index: 5500; pointer-events: none; display: flex; flex-direction: column; margin: 0px auto;"
      />
      <ul
        aria-live="polite"
        id="chakra-toast-manager-bottom-right"
        role="region"
        style="position: fixed; z-index: 5500; pointer-events: none; display: flex; flex-direction: column;"
      />
    </div>
  </body>,
  "container": <div>
    <div
      class="css-1f8h9z4"
    >
      <div
        class="css-19ybp5c"
      >
        <div
          class="chakra-stack css-1hcswde"
          data-testid="countryCard"
        >
          <div
            class="css-wm8dfs"
          >
            <img
              class="chakra-image css-z2bnja"
              src="url"
            />
          </div>
          <div
            class="css-w9il2w"
          >
            <h2
              class="chakra-heading css-sawm00"
            >
              Poland
            </h2>
            <div
              class="css-0"
            >
              <div
                class="css-0"
              >
                <p
                  class="chakra-text css-hzw7ps"
                >
                  Population:
                </p>
                40 000 000
              </div>
              <div
                class="css-0"
              >
                <p
                  class="chakra-text css-hzw7ps"
                >
                  Region:
                </p>
                Europe
              </div>
              <div
                class="css-0"
              >
                <p
                  class="chakra-text css-hzw7ps"
                >
                  Capital:
                </p>
                Warsaw
              </div>
            </div>
          </div>
          <a
            class="chakra-link css-36y4gk"
            href="/country/poland"
          >
            Details
          </a>
        </div>
      </div>
    </div>
    <span
      hidden=""
      id="__chakra_env"
    />
  </div>,
  "debug": [Function],
  "findAllByAltText": [Function],
  "findAllByDisplayValue": [Function],
  "findAllByLabelText": [Function],
  "findAllByPlaceholderText": [Function],
  "findAllByRole": [Function],
  "findAllByTestId": [Function],
  "findAllByText": [Function],
  "findAllByTitle": [Function],
  "findByAltText": [Function],
  "findByDisplayValue": [Function],
  "findByLabelText": [Function],
  "findByPlaceholderText": [Function],
  "findByRole": [Function],
  "findByTestId": [Function],
  "findByText": [Function],
  "findByTitle": [Function],
  "getAllByAltText": [Function],
  "getAllByDisplayValue": [Function],
  "getAllByLabelText": [Function],
  "getAllByPlaceholderText": [Function],
  "getAllByRole": [Function],
  "getAllByTestId": [Function],
  "getAllByText": [Function],
  "getAllByTitle": [Function],
  "getByAltText": [Function],
  "getByDisplayValue": [Function],
  "getByLabelText": [Function],
  "getByPlaceholderText": [Function],
  "getByRole": [Function],
  "getByTestId": [Function],
  "getByText": [Function],
  "getByTitle": [Function],
  "queryAllByAltText": [Function],
  "queryAllByDisplayValue": [Function],
  "queryAllByLabelText": [Function],
  "queryAllByPlaceholderText": [Function],
  "queryAllByRole": [Function],
  "queryAllByTestId": [Function],
  "queryAllByText": [Function],
  "queryAllByTitle": [Function],
  "queryByAltText": [Function],
  "queryByDisplayValue": [Function],
  "queryByLabelText": [Function],
  "queryByPlaceholderText": [Function],
  "queryByRole": [Function],
  "queryByTestId": [Function],
  "queryByText": [Function],
  "queryByTitle": [Function],
  "rerender": [Function],
  "unmount": [Function],
}
`;
